
Allocating common symbols
Common symbol       size              file

HSEStartUpStatus    0x1               ..\obj\main.o
xfunc_in            0x4               ..\obj\xprintf.o
xfunc_out           0x4               ..\obj\xprintf.o

Discarded input sections

 .text          0x00000000        0x0 ..\obj\spi.o
 .data          0x00000000        0x0 ..\obj\spi.o
 .bss           0x00000000        0x0 ..\obj\spi.o
 .rodata        0x00000000        0x8 ..\obj\spi.o
 .text.spiInit  0x00000000       0xf4 ..\obj\spi.o
 .text.spiReadWrite
                0x00000000       0xb8 ..\obj\spi.o
 .text.spiReadWrite16
                0x00000000       0xc8 ..\obj\spi.o
 .debug_info    0x00000000      0x565 ..\obj\spi.o
 .debug_abbrev  0x00000000      0x17b ..\obj\spi.o
 .debug_loc     0x00000000       0xa8 ..\obj\spi.o
 .debug_aranges
                0x00000000       0x30 ..\obj\spi.o
 .debug_ranges  0x00000000       0x20 ..\obj\spi.o
 .debug_line    0x00000000      0x22d ..\obj\spi.o
 .debug_str     0x00000000      0x3ac ..\obj\spi.o
 .comment       0x00000000       0x31 ..\obj\spi.o
 .ARM.attributes
                0x00000000       0x33 ..\obj\spi.o
 .debug_frame   0x00000000       0x70 ..\obj\spi.o
 .text          0x00000000        0x0 ..\obj\stm32f10x_tim.o
 .data          0x00000000        0x0 ..\obj\stm32f10x_tim.o
 .bss           0x00000000        0x0 ..\obj\stm32f10x_tim.o
 .text.TIM_DeInit
                0x00000000      0x290 ..\obj\stm32f10x_tim.o
 .text.TIM_TimeBaseInit
                0x00000000       0xfc ..\obj\stm32f10x_tim.o
 .text.TIM_OC1Init
                0x00000000      0x11c ..\obj\stm32f10x_tim.o
 .text.TIM_OC2Init
                0x00000000      0x124 ..\obj\stm32f10x_tim.o
 .text.TIM_OC3Init
                0x00000000      0x11c ..\obj\stm32f10x_tim.o
 .text.TIM_OC4Init
                0x00000000       0xdc ..\obj\stm32f10x_tim.o
 .text.TIM_ICInit
                0x00000000       0xa8 ..\obj\stm32f10x_tim.o
 .text.TIM_PWMIConfig
                0x00000000       0xc4 ..\obj\stm32f10x_tim.o
 .text.TIM_BDTRConfig
                0x00000000       0x50 ..\obj\stm32f10x_tim.o
 .text.TIM_TimeBaseStructInit
                0x00000000       0x3c ..\obj\stm32f10x_tim.o
 .text.TIM_OCStructInit
                0x00000000       0x54 ..\obj\stm32f10x_tim.o
 .text.TIM_ICStructInit
                0x00000000       0x3c ..\obj\stm32f10x_tim.o
 .text.TIM_BDTRStructInit
                0x00000000       0x4c ..\obj\stm32f10x_tim.o
 .text.TIM_Cmd  0x00000000       0x40 ..\obj\stm32f10x_tim.o
 .text.TIM_CtrlPWMOutputs
                0x00000000       0x50 ..\obj\stm32f10x_tim.o
 .text.TIM_ITConfig
                0x00000000       0x48 ..\obj\stm32f10x_tim.o
 .text.TIM_GenerateEvent
                0x00000000       0x1c ..\obj\stm32f10x_tim.o
 .text.TIM_DMAConfig
                0x00000000       0x28 ..\obj\stm32f10x_tim.o
 .text.TIM_DMACmd
                0x00000000       0x48 ..\obj\stm32f10x_tim.o
 .text.TIM_InternalClockConfig
                0x00000000       0x24 ..\obj\stm32f10x_tim.o
 .text.TIM_ITRxExternalClockConfig
                0x00000000       0x30 ..\obj\stm32f10x_tim.o
 .text.TIM_TIxExternalClockConfig
                0x00000000       0x58 ..\obj\stm32f10x_tim.o
 .text.TIM_ETRClockMode1Config
                0x00000000       0x54 ..\obj\stm32f10x_tim.o
 .text.TIM_ETRClockMode2Config
                0x00000000       0x34 ..\obj\stm32f10x_tim.o
 .text.TIM_ETRConfig
                0x00000000       0x4c ..\obj\stm32f10x_tim.o
 .text.TIM_PrescalerConfig
                0x00000000       0x28 ..\obj\stm32f10x_tim.o
 .text.TIM_CounterModeConfig
                0x00000000       0x38 ..\obj\stm32f10x_tim.o
 .text.TIM_SelectInputTrigger
                0x00000000       0x38 ..\obj\stm32f10x_tim.o
 .text.TIM_EncoderInterfaceConfig
                0x00000000       0x94 ..\obj\stm32f10x_tim.o
 .text.TIM_ForcedOC1Config
                0x00000000       0x38 ..\obj\stm32f10x_tim.o
 .text.TIM_ForcedOC2Config
                0x00000000       0x40 ..\obj\stm32f10x_tim.o
 .text.TIM_ForcedOC3Config
                0x00000000       0x38 ..\obj\stm32f10x_tim.o
 .text.TIM_ForcedOC4Config
                0x00000000       0x40 ..\obj\stm32f10x_tim.o
 .text.TIM_ARRPreloadConfig
                0x00000000       0x40 ..\obj\stm32f10x_tim.o
 .text.TIM_SelectCOM
                0x00000000       0x40 ..\obj\stm32f10x_tim.o
 .text.TIM_SelectCCDMA
                0x00000000       0x40 ..\obj\stm32f10x_tim.o
 .text.TIM_CCPreloadControl
                0x00000000       0x40 ..\obj\stm32f10x_tim.o
 .text.TIM_OC1PreloadConfig
                0x00000000       0x38 ..\obj\stm32f10x_tim.o
 .text.TIM_OC2PreloadConfig
                0x00000000       0x40 ..\obj\stm32f10x_tim.o
 .text.TIM_OC3PreloadConfig
                0x00000000       0x38 ..\obj\stm32f10x_tim.o
 .text.TIM_OC4PreloadConfig
                0x00000000       0x40 ..\obj\stm32f10x_tim.o
 .text.TIM_OC1FastConfig
                0x00000000       0x38 ..\obj\stm32f10x_tim.o
 .text.TIM_OC2FastConfig
                0x00000000       0x40 ..\obj\stm32f10x_tim.o
 .text.TIM_OC3FastConfig
                0x00000000       0x38 ..\obj\stm32f10x_tim.o
 .text.TIM_OC4FastConfig
                0x00000000       0x40 ..\obj\stm32f10x_tim.o
 .text.TIM_ClearOC1Ref
                0x00000000       0x38 ..\obj\stm32f10x_tim.o
 .text.TIM_ClearOC2Ref
                0x00000000       0x44 ..\obj\stm32f10x_tim.o
 .text.TIM_ClearOC3Ref
                0x00000000       0x38 ..\obj\stm32f10x_tim.o
 .text.TIM_ClearOC4Ref
                0x00000000       0x44 ..\obj\stm32f10x_tim.o
 .text.TIM_OC1PolarityConfig
                0x00000000       0x38 ..\obj\stm32f10x_tim.o
 .text.TIM_OC1NPolarityConfig
                0x00000000       0x38 ..\obj\stm32f10x_tim.o
 .text.TIM_OC2PolarityConfig
                0x00000000       0x40 ..\obj\stm32f10x_tim.o
 .text.TIM_OC2NPolarityConfig
                0x00000000       0x40 ..\obj\stm32f10x_tim.o
 .text.TIM_OC3PolarityConfig
                0x00000000       0x40 ..\obj\stm32f10x_tim.o
 .text.TIM_OC3NPolarityConfig
                0x00000000       0x40 ..\obj\stm32f10x_tim.o
 .text.TIM_OC4PolarityConfig
                0x00000000       0x40 ..\obj\stm32f10x_tim.o
 .text.TIM_CCxCmd
                0x00000000       0x5c ..\obj\stm32f10x_tim.o
 .text.TIM_CCxNCmd
                0x00000000       0x5c ..\obj\stm32f10x_tim.o
 .text.TIM_SelectOCxM
                0x00000000       0xbc ..\obj\stm32f10x_tim.o
 .text.TIM_UpdateDisableConfig
                0x00000000       0x40 ..\obj\stm32f10x_tim.o
 .text.TIM_UpdateRequestConfig
                0x00000000       0x40 ..\obj\stm32f10x_tim.o
 .text.TIM_SelectHallSensor
                0x00000000       0x40 ..\obj\stm32f10x_tim.o
 .text.TIM_SelectOnePulseMode
                0x00000000       0x38 ..\obj\stm32f10x_tim.o
 .text.TIM_SelectOutputTrigger
                0x00000000       0x38 ..\obj\stm32f10x_tim.o
 .text.TIM_SelectSlaveMode
                0x00000000       0x38 ..\obj\stm32f10x_tim.o
 .text.TIM_SelectMasterSlaveMode
                0x00000000       0x38 ..\obj\stm32f10x_tim.o
 .text.TIM_SetCounter
                0x00000000       0x1c ..\obj\stm32f10x_tim.o
 .text.TIM_SetAutoreload
                0x00000000       0x1c ..\obj\stm32f10x_tim.o
 .text.TIM_SetCompare1
                0x00000000       0x1c ..\obj\stm32f10x_tim.o
 .text.TIM_SetCompare2
                0x00000000       0x1c ..\obj\stm32f10x_tim.o
 .text.TIM_SetCompare3
                0x00000000       0x1c ..\obj\stm32f10x_tim.o
 .text.TIM_SetCompare4
                0x00000000       0x20 ..\obj\stm32f10x_tim.o
 .text.TIM_SetIC1Prescaler
                0x00000000       0x38 ..\obj\stm32f10x_tim.o
 .text.TIM_SetIC2Prescaler
                0x00000000       0x3c ..\obj\stm32f10x_tim.o
 .text.TIM_SetIC3Prescaler
                0x00000000       0x38 ..\obj\stm32f10x_tim.o
 .text.TIM_SetIC4Prescaler
                0x00000000       0x3c ..\obj\stm32f10x_tim.o
 .text.TIM_SetClockDivision
                0x00000000       0x38 ..\obj\stm32f10x_tim.o
 .text.TIM_GetCapture1
                0x00000000       0x1c ..\obj\stm32f10x_tim.o
 .text.TIM_GetCapture2
                0x00000000       0x1c ..\obj\stm32f10x_tim.o
 .text.TIM_GetCapture3
                0x00000000       0x1c ..\obj\stm32f10x_tim.o
 .text.TIM_GetCapture4
                0x00000000       0x1c ..\obj\stm32f10x_tim.o
 .text.TIM_GetCounter
                0x00000000       0x1c ..\obj\stm32f10x_tim.o
 .text.TIM_GetPrescaler
                0x00000000       0x1c ..\obj\stm32f10x_tim.o
 .text.TIM_GetFlagStatus
                0x00000000       0x40 ..\obj\stm32f10x_tim.o
 .text.TIM_ClearFlag
                0x00000000       0x24 ..\obj\stm32f10x_tim.o
 .text.TIM_GetITStatus
                0x00000000       0x60 ..\obj\stm32f10x_tim.o
 .text.TIM_ClearITPendingBit
                0x00000000       0x24 ..\obj\stm32f10x_tim.o
 .text.TI1_Config
                0x00000000       0xdc ..\obj\stm32f10x_tim.o
 .text.TI2_Config
                0x00000000       0xf8 ..\obj\stm32f10x_tim.o
 .text.TI3_Config
                0x00000000       0xe8 ..\obj\stm32f10x_tim.o
 .text.TI4_Config
                0x00000000      0x100 ..\obj\stm32f10x_tim.o
 .debug_info    0x00000000     0x1e6c ..\obj\stm32f10x_tim.o
 .debug_abbrev  0x00000000      0x1b2 ..\obj\stm32f10x_tim.o
 .debug_loc     0x00000000     0x13e8 ..\obj\stm32f10x_tim.o
 .debug_aranges
                0x00000000      0x2f0 ..\obj\stm32f10x_tim.o
 .debug_ranges  0x00000000      0x2e0 ..\obj\stm32f10x_tim.o
 .debug_line    0x00000000      0xa3f ..\obj\stm32f10x_tim.o
 .debug_str     0x00000000      0xd3c ..\obj\stm32f10x_tim.o
 .comment       0x00000000       0x31 ..\obj\stm32f10x_tim.o
 .ARM.attributes
                0x00000000       0x33 ..\obj\stm32f10x_tim.o
 .debug_frame   0x00000000      0xa20 ..\obj\stm32f10x_tim.o
 .text          0x00000000        0x0 ..\obj\startup_stm32f10x_md_vl.o
 .data          0x00000000        0x0 ..\obj\startup_stm32f10x_md_vl.o
 .bss           0x00000000        0x0 ..\obj\startup_stm32f10x_md_vl.o
 .text          0x00000000        0x0 ..\obj\core_cm3.o
 .data          0x00000000        0x0 ..\obj\core_cm3.o
 .bss           0x00000000        0x0 ..\obj\core_cm3.o
 .text.__get_PSP
                0x00000000       0x10 ..\obj\core_cm3.o
 .text.__set_PSP
                0x00000000        0x8 ..\obj\core_cm3.o
 .text.__get_MSP
                0x00000000       0x10 ..\obj\core_cm3.o
 .text.__set_MSP
                0x00000000        0x8 ..\obj\core_cm3.o
 .text.__get_BASEPRI
                0x00000000       0x20 ..\obj\core_cm3.o
 .text.__set_BASEPRI
                0x00000000       0x18 ..\obj\core_cm3.o
 .text.__get_PRIMASK
                0x00000000       0x20 ..\obj\core_cm3.o
 .text.__set_PRIMASK
                0x00000000       0x18 ..\obj\core_cm3.o
 .text.__get_FAULTMASK
                0x00000000       0x20 ..\obj\core_cm3.o
 .text.__set_FAULTMASK
                0x00000000       0x18 ..\obj\core_cm3.o
 .text.__get_CONTROL
                0x00000000       0x20 ..\obj\core_cm3.o
 .text.__set_CONTROL
                0x00000000       0x18 ..\obj\core_cm3.o
 .text.__REV    0x00000000       0x24 ..\obj\core_cm3.o
 .text.__REV16  0x00000000       0x24 ..\obj\core_cm3.o
 .text.__REVSH  0x00000000       0x24 ..\obj\core_cm3.o
 .text.__RBIT   0x00000000       0x24 ..\obj\core_cm3.o
 .text.__LDREXB
                0x00000000       0x24 ..\obj\core_cm3.o
 .text.__LDREXH
                0x00000000       0x24 ..\obj\core_cm3.o
 .text.__LDREXW
                0x00000000       0x24 ..\obj\core_cm3.o
 .text.__STREXB
                0x00000000       0x2c ..\obj\core_cm3.o
 .text.__STREXH
                0x00000000       0x2c ..\obj\core_cm3.o
 .text.__STREXW
                0x00000000       0x28 ..\obj\core_cm3.o
 .debug_info    0x00000000      0x55e ..\obj\core_cm3.o
 .debug_abbrev  0x00000000       0xe4 ..\obj\core_cm3.o
 .debug_loc     0x00000000      0x3f0 ..\obj\core_cm3.o
 .debug_aranges
                0x00000000       0xc8 ..\obj\core_cm3.o
 .debug_ranges  0x00000000       0xb8 ..\obj\core_cm3.o
 .debug_line    0x00000000      0x299 ..\obj\core_cm3.o
 .debug_str     0x00000000      0x222 ..\obj\core_cm3.o
 .comment       0x00000000       0x31 ..\obj\core_cm3.o
 .ARM.attributes
                0x00000000       0x33 ..\obj\core_cm3.o
 .debug_frame   0x00000000      0x280 ..\obj\core_cm3.o
 .text          0x00000000        0x0 ..\obj\system_stm32f10x.o
 .data          0x00000000       0x14 ..\obj\system_stm32f10x.o
 .bss           0x00000000        0x0 ..\obj\system_stm32f10x.o
 .text.SystemCoreClockUpdate
                0x00000000       0xe4 ..\obj\system_stm32f10x.o
 .text          0x00000000        0x0 ..\obj\uart.o
 .data          0x00000000        0x0 ..\obj\uart.o
 .bss           0x00000000        0x0 ..\obj\uart.o
 .text.uart_open
                0x00000000       0xa4 ..\obj\uart.o
 .text.uart_close
                0x00000000       0x14 ..\obj\uart.o
 .text.uart_putc
                0x00000000       0x38 ..\obj\uart.o
 .text.uart_getc
                0x00000000       0x2c ..\obj\uart.o
 .debug_info    0x00000000      0x454 ..\obj\uart.o
 .debug_abbrev  0x00000000      0x13d ..\obj\uart.o
 .debug_loc     0x00000000       0xe0 ..\obj\uart.o
 .debug_aranges
                0x00000000       0x38 ..\obj\uart.o
 .debug_ranges  0x00000000       0x28 ..\obj\uart.o
 .debug_line    0x00000000      0x200 ..\obj\uart.o
 .debug_str     0x00000000      0x354 ..\obj\uart.o
 .comment       0x00000000       0x31 ..\obj\uart.o
 .ARM.attributes
                0x00000000       0x33 ..\obj\uart.o
 .debug_frame   0x00000000       0x8c ..\obj\uart.o
 .text          0x00000000        0x0 ..\obj\stm32f10x_gpio.o
 .data          0x00000000        0x0 ..\obj\stm32f10x_gpio.o
 .bss           0x00000000        0x0 ..\obj\stm32f10x_gpio.o
 .text.GPIO_DeInit
                0x00000000      0x118 ..\obj\stm32f10x_gpio.o
 .text.GPIO_AFIODeInit
                0x00000000       0x20 ..\obj\stm32f10x_gpio.o
 .text.GPIO_ReadInputDataBit
                0x00000000       0x3c ..\obj\stm32f10x_gpio.o
 .text.GPIO_ReadInputData
                0x00000000       0x1c ..\obj\stm32f10x_gpio.o
 .text.GPIO_ReadOutputDataBit
                0x00000000       0x3c ..\obj\stm32f10x_gpio.o
 .text.GPIO_ReadOutputData
                0x00000000       0x1c ..\obj\stm32f10x_gpio.o
 .text.GPIO_WriteBit
                0x00000000       0x30 ..\obj\stm32f10x_gpio.o
 .text.GPIO_Write
                0x00000000       0x1c ..\obj\stm32f10x_gpio.o
 .text.GPIO_PinLockConfig
                0x00000000       0x44 ..\obj\stm32f10x_gpio.o
 .text.GPIO_EventOutputConfig
                0x00000000       0x4c ..\obj\stm32f10x_gpio.o
 .text.GPIO_EventOutputCmd
                0x00000000       0x20 ..\obj\stm32f10x_gpio.o
 .text.GPIO_PinRemapConfig
                0x00000000      0x100 ..\obj\stm32f10x_gpio.o
 .text.GPIO_EXTILineConfig
                0x00000000       0x98 ..\obj\stm32f10x_gpio.o
 .text.GPIO_ETH_MediaInterfaceConfig
                0x00000000       0x1c ..\obj\stm32f10x_gpio.o
 .text          0x00000000        0x0 ..\obj\ST7735.o
 .data          0x00000000        0x1 ..\obj\ST7735.o
 .bss           0x00000000        0x0 ..\obj\ST7735.o
 .rodata        0x00000000      0x1a4 ..\obj\ST7735.o
 .text.LcdWrite
                0x00000000       0x54 ..\obj\ST7735.o
 .text.LcdWrite16
                0x00000000       0x54 ..\obj\ST7735.o
 .text.ST7735_writeCmd
                0x00000000       0x24 ..\obj\ST7735.o
 .text.ST7735_setAddrWindow
                0x00000000       0xb4 ..\obj\ST7735.o
 .text.ST7735_pushColor
                0x00000000       0x20 ..\obj\ST7735.o
 .text.ST7735_backLight
                0x00000000       0x3c ..\obj\ST7735.o
 .text.ST7735_init
                0x00000000       0xbc ..\obj\ST7735.o
 .text          0x00000000        0x0 ..\obj\main.o
 .data          0x00000000        0x0 ..\obj\main.o
 .bss           0x00000000        0x0 ..\obj\main.o
 .text          0x00000000        0x0 ..\obj\ade7880.o
 .data          0x00000000        0x0 ..\obj\ade7880.o
 .bss           0x00000000        0x0 ..\obj\ade7880.o
 .text.ADE_Write
                0x00000000       0x18 ..\obj\ade7880.o
 .text          0x00000000        0x0 ..\obj\printf.o
 .data          0x00000000       0xf4 ..\obj\printf.o
 .bss           0x00000000        0x0 ..\obj\printf.o
 .text.PrintChar
                0x00000000       0x14 ..\obj\printf.o
 .text.PutChar  0x00000000       0x24 ..\obj\printf.o
 .text.PutString
                0x00000000       0x48 ..\obj\printf.o
 .text.PutUnsignedInt
                0x00000000       0xb4 ..\obj\printf.o
 .text.PutSignedInt
                0x00000000      0x11c ..\obj\printf.o
 .text.PutHexa  0x00000000       0xe8 ..\obj\printf.o
 .text.vsnprintf
                0x00000000      0x2a4 ..\obj\printf.o
 .text.snprintf
                0x00000000       0x34 ..\obj\printf.o
 .text.vsprintf
                0x00000000       0x28 ..\obj\printf.o
 .rodata        0x00000000       0x24 ..\obj\printf.o
 .text.vfprintf
                0x00000000       0x68 ..\obj\printf.o
 .text.vprintf  0x00000000       0x2c ..\obj\printf.o
 .text.fprintf  0x00000000       0x30 ..\obj\printf.o
 .text.printf   0x00000000       0x2c ..\obj\printf.o
 .text.sprintf  0x00000000       0x30 ..\obj\printf.o
 .text.puts     0x00000000       0x28 ..\obj\printf.o
 .text.fputc    0x00000000       0x44 ..\obj\printf.o
 .text.fputs    0x00000000       0x50 ..\obj\printf.o
 .debug_info    0x00000000      0xed1 ..\obj\printf.o
 .debug_abbrev  0x00000000      0x23b ..\obj\printf.o
 .debug_loc     0x00000000      0x3ea ..\obj\printf.o
 .debug_aranges
                0x00000000       0xa0 ..\obj\printf.o
 .debug_ranges  0x00000000       0x90 ..\obj\printf.o
 .debug_line    0x00000000      0x41f ..\obj\printf.o
 .debug_str     0x00000000      0x5ca ..\obj\printf.o
 .comment       0x00000000       0x31 ..\obj\printf.o
 .ARM.attributes
                0x00000000       0x33 ..\obj\printf.o
 .debug_frame   0x00000000      0x244 ..\obj\printf.o
 .text          0x00000000        0x0 ..\obj\stm32f10x_rcc.o
 .data          0x00000000       0x14 ..\obj\stm32f10x_rcc.o
 .bss           0x00000000        0x0 ..\obj\stm32f10x_rcc.o
 .text.RCC_AdjustHSICalibrationValue
                0x00000000       0x40 ..\obj\stm32f10x_rcc.o
 .text.RCC_HSICmd
                0x00000000       0x20 ..\obj\stm32f10x_rcc.o
 .text.RCC_PREDIV1Config
                0x00000000       0x44 ..\obj\stm32f10x_rcc.o
 .text.RCC_ITConfig
                0x00000000       0x4c ..\obj\stm32f10x_rcc.o
 .text.RCC_USBCLKConfig
                0x00000000       0x1c ..\obj\stm32f10x_rcc.o
 .text.RCC_ADCCLKConfig
                0x00000000       0x38 ..\obj\stm32f10x_rcc.o
 .text.RCC_LSEConfig
                0x00000000       0x4c ..\obj\stm32f10x_rcc.o
 .text.RCC_LSICmd
                0x00000000       0x20 ..\obj\stm32f10x_rcc.o
 .text.RCC_RTCCLKConfig
                0x00000000       0x24 ..\obj\stm32f10x_rcc.o
 .text.RCC_RTCCLKCmd
                0x00000000       0x20 ..\obj\stm32f10x_rcc.o
 .text.RCC_GetClocksFreq
                0x00000000      0x17c ..\obj\stm32f10x_rcc.o
 .text.RCC_AHBPeriphClockCmd
                0x00000000       0x40 ..\obj\stm32f10x_rcc.o
 .text.RCC_APB2PeriphResetCmd
                0x00000000       0x40 ..\obj\stm32f10x_rcc.o
 .text.RCC_APB1PeriphResetCmd
                0x00000000       0x40 ..\obj\stm32f10x_rcc.o
 .text.RCC_BackupResetCmd
                0x00000000       0x20 ..\obj\stm32f10x_rcc.o
 .text.RCC_ClockSecuritySystemCmd
                0x00000000       0x20 ..\obj\stm32f10x_rcc.o
 .text.RCC_MCOConfig
                0x00000000       0x20 ..\obj\stm32f10x_rcc.o
 .text.RCC_ClearFlag
                0x00000000       0x1c ..\obj\stm32f10x_rcc.o
 .text.RCC_GetITStatus
                0x00000000       0x3c ..\obj\stm32f10x_rcc.o
 .text.RCC_ClearITPendingBit
                0x00000000       0x20 ..\obj\stm32f10x_rcc.o
 .text          0x00000000        0x0 ..\obj\stm32f10x_exti.o
 .data          0x00000000        0x0 ..\obj\stm32f10x_exti.o
 .bss           0x00000000        0x0 ..\obj\stm32f10x_exti.o
 .text.EXTI_DeInit
                0x00000000       0x38 ..\obj\stm32f10x_exti.o
 .text.EXTI_Init
                0x00000000      0x178 ..\obj\stm32f10x_exti.o
 .text.EXTI_StructInit
                0x00000000       0x34 ..\obj\stm32f10x_exti.o
 .text.EXTI_GenerateSWInterrupt
                0x00000000       0x44 ..\obj\stm32f10x_exti.o
 .text.EXTI_GetFlagStatus
                0x00000000       0xd8 ..\obj\stm32f10x_exti.o
 .text.EXTI_ClearFlag
                0x00000000       0x40 ..\obj\stm32f10x_exti.o
 .text.EXTI_GetITStatus
                0x00000000       0xf0 ..\obj\stm32f10x_exti.o
 .text.EXTI_ClearITPendingBit
                0x00000000       0x40 ..\obj\stm32f10x_exti.o
 .debug_info    0x00000000      0x3c7 ..\obj\stm32f10x_exti.o
 .debug_abbrev  0x00000000      0x183 ..\obj\stm32f10x_exti.o
 .debug_loc     0x00000000      0x1b4 ..\obj\stm32f10x_exti.o
 .debug_aranges
                0x00000000       0x58 ..\obj\stm32f10x_exti.o
 .debug_ranges  0x00000000       0x48 ..\obj\stm32f10x_exti.o
 .debug_line    0x00000000      0x410 ..\obj\stm32f10x_exti.o
 .debug_str     0x00000000      0x2d3 ..\obj\stm32f10x_exti.o
 .comment       0x00000000       0x31 ..\obj\stm32f10x_exti.o
 .ARM.attributes
                0x00000000       0x33 ..\obj\stm32f10x_exti.o
 .debug_frame   0x00000000      0x104 ..\obj\stm32f10x_exti.o
 .text          0x00000000        0x0 ..\obj\xprintf.o
 .data          0x00000000        0x0 ..\obj\xprintf.o
 .bss           0x00000000        0x4 ..\obj\xprintf.o
 .text.xputc    0x00000000       0x54 ..\obj\xprintf.o
 .text.xputs    0x00000000       0x2c ..\obj\xprintf.o
 .text.xfputs   0x00000000       0x44 ..\obj\xprintf.o
 .text.xvprintf
                0x00000000      0x390 ..\obj\xprintf.o
 .text.xprintf  0x00000000       0x24 ..\obj\xprintf.o
 .text.xsprintf
                0x00000000       0x44 ..\obj\xprintf.o
 .text.xfprintf
                0x00000000       0x3c ..\obj\xprintf.o
 .rodata        0x00000000       0x20 ..\obj\xprintf.o
 .text.put_dump
                0x00000000      0x110 ..\obj\xprintf.o
 .text.xgets    0x00000000       0xbc ..\obj\xprintf.o
 .text.xfgets   0x00000000       0x38 ..\obj\xprintf.o
 .text.xatoi    0x00000000      0x184 ..\obj\xprintf.o
 .debug_info    0x00000000      0x50a ..\obj\xprintf.o
 .debug_abbrev  0x00000000      0x196 ..\obj\xprintf.o
 .debug_loc     0x00000000      0x28e ..\obj\xprintf.o
 .debug_aranges
                0x00000000       0x70 ..\obj\xprintf.o
 .debug_ranges  0x00000000       0x60 ..\obj\xprintf.o
 .debug_line    0x00000000      0x3a7 ..\obj\xprintf.o
 .debug_str     0x00000000      0x15e ..\obj\xprintf.o
 .comment       0x00000000       0x31 ..\obj\xprintf.o
 .ARM.attributes
                0x00000000       0x33 ..\obj\xprintf.o
 .debug_frame   0x00000000      0x184 ..\obj\xprintf.o
 COMMON         0x00000000        0x8 ..\obj\xprintf.o
 .text          0x00000000        0x0 ..\obj\stm32f10x_usart.o
 .data          0x00000000        0x0 ..\obj\stm32f10x_usart.o
 .bss           0x00000000        0x0 ..\obj\stm32f10x_usart.o
 .text.USART_DeInit
                0x00000000       0xcc ..\obj\stm32f10x_usart.o
 .text.USART_Init
                0x00000000      0x19c ..\obj\stm32f10x_usart.o
 .text.USART_StructInit
                0x00000000       0x44 ..\obj\stm32f10x_usart.o
 .text.USART_ClockInit
                0x00000000       0x58 ..\obj\stm32f10x_usart.o
 .text.USART_ClockStructInit
                0x00000000       0x34 ..\obj\stm32f10x_usart.o
 .text.USART_Cmd
                0x00000000       0x40 ..\obj\stm32f10x_usart.o
 .text.USART_ITConfig
                0x00000000       0xa4 ..\obj\stm32f10x_usart.o
 .text.USART_DMACmd
                0x00000000       0x48 ..\obj\stm32f10x_usart.o
 .text.USART_SetAddress
                0x00000000       0x38 ..\obj\stm32f10x_usart.o
 .text.USART_WakeUpConfig
                0x00000000       0x38 ..\obj\stm32f10x_usart.o
 .text.USART_ReceiverWakeUpCmd
                0x00000000       0x40 ..\obj\stm32f10x_usart.o
 .text.USART_LINBreakDetectLengthConfig
                0x00000000       0x38 ..\obj\stm32f10x_usart.o
 .text.USART_LINCmd
                0x00000000       0x40 ..\obj\stm32f10x_usart.o
 .text.USART_SendData
                0x00000000       0x28 ..\obj\stm32f10x_usart.o
 .text.USART_ReceiveData
                0x00000000       0x24 ..\obj\stm32f10x_usart.o
 .text.USART_SendBreak
                0x00000000       0x24 ..\obj\stm32f10x_usart.o
 .text.USART_SetGuardTime
                0x00000000       0x3c ..\obj\stm32f10x_usart.o
 .text.USART_SetPrescaler
                0x00000000       0x38 ..\obj\stm32f10x_usart.o
 .text.USART_SmartCardCmd
                0x00000000       0x40 ..\obj\stm32f10x_usart.o
 .text.USART_SmartCardNACKCmd
                0x00000000       0x40 ..\obj\stm32f10x_usart.o
 .text.USART_HalfDuplexCmd
                0x00000000       0x40 ..\obj\stm32f10x_usart.o
 .text.USART_OverSampling8Cmd
                0x00000000       0x48 ..\obj\stm32f10x_usart.o
 .text.USART_OneBitMethodCmd
                0x00000000       0x40 ..\obj\stm32f10x_usart.o
 .text.USART_IrDAConfig
                0x00000000       0x38 ..\obj\stm32f10x_usart.o
 .text.USART_IrDACmd
                0x00000000       0x40 ..\obj\stm32f10x_usart.o
 .text.USART_GetFlagStatus
                0x00000000       0x40 ..\obj\stm32f10x_usart.o
 .text.USART_ClearFlag
                0x00000000       0x24 ..\obj\stm32f10x_usart.o
 .text.USART_GetITStatus
                0x00000000       0xc4 ..\obj\stm32f10x_usart.o
 .text.USART_ClearITPendingBit
                0x00000000       0x44 ..\obj\stm32f10x_usart.o
 .debug_info    0x00000000      0xa82 ..\obj\stm32f10x_usart.o
 .debug_abbrev  0x00000000      0x164 ..\obj\stm32f10x_usart.o
 .debug_loc     0x00000000      0x658 ..\obj\stm32f10x_usart.o
 .debug_aranges
                0x00000000      0x100 ..\obj\stm32f10x_usart.o
 .debug_ranges  0x00000000       0xf0 ..\obj\stm32f10x_usart.o
 .debug_line    0x00000000      0x44a ..\obj\stm32f10x_usart.o
 .debug_str     0x00000000      0x5ef ..\obj\stm32f10x_usart.o
 .comment       0x00000000       0x31 ..\obj\stm32f10x_usart.o
 .ARM.attributes
                0x00000000       0x33 ..\obj\stm32f10x_usart.o
 .debug_frame   0x00000000      0x344 ..\obj\stm32f10x_usart.o
 .text          0x00000000        0x0 ..\obj\syscalls.o
 .data          0x00000000        0x0 ..\obj\syscalls.o
 .bss           0x00000000        0x4 ..\obj\syscalls.o
 .text._sbrk    0x00000000       0x40 ..\obj\syscalls.o
 .text.link     0x00000000       0x1c ..\obj\syscalls.o
 .text._close   0x00000000       0x18 ..\obj\syscalls.o
 .text._fstat   0x00000000       0x24 ..\obj\syscalls.o
 .text._isatty  0x00000000       0x18 ..\obj\syscalls.o
 .text._lseek   0x00000000       0x1c ..\obj\syscalls.o
 .text._read    0x00000000       0x1c ..\obj\syscalls.o
 .text._write   0x00000000       0x1c ..\obj\syscalls.o
 .text.abort    0x00000000        0x8 ..\obj\syscalls.o
 .debug_info    0x00000000      0x443 ..\obj\syscalls.o
 .debug_abbrev  0x00000000       0xe4 ..\obj\syscalls.o
 .debug_loc     0x00000000      0x1ec ..\obj\syscalls.o
 .debug_aranges
                0x00000000       0x60 ..\obj\syscalls.o
 .debug_ranges  0x00000000       0x50 ..\obj\syscalls.o
 .debug_line    0x00000000      0x1a8 ..\obj\syscalls.o
 .debug_str     0x00000000      0x24a ..\obj\syscalls.o
 .comment       0x00000000       0x31 ..\obj\syscalls.o
 .ARM.attributes
                0x00000000       0x33 ..\obj\syscalls.o
 .debug_frame   0x00000000      0x108 ..\obj\syscalls.o
 .text          0x00000000        0x0 ..\obj\glcdfont.o
 .data          0x00000000        0x0 ..\obj\glcdfont.o
 .bss           0x00000000        0x0 ..\obj\glcdfont.o
 .rodata        0x00000000      0x4fc ..\obj\glcdfont.o
 .debug_info    0x00000000       0x9a ..\obj\glcdfont.o
 .debug_abbrev  0x00000000       0x5b ..\obj\glcdfont.o
 .debug_aranges
                0x00000000       0x18 ..\obj\glcdfont.o
 .debug_line    0x00000000       0xe3 ..\obj\glcdfont.o
 .debug_str     0x00000000       0xd0 ..\obj\glcdfont.o
 .comment       0x00000000       0x31 ..\obj\glcdfont.o
 .ARM.attributes
                0x00000000       0x33 ..\obj\glcdfont.o
 .text          0x00000000        0x0 ..\obj\misc.o
 .data          0x00000000        0x0 ..\obj\misc.o
 .bss           0x00000000        0x0 ..\obj\misc.o
 .text.NVIC_PriorityGroupConfig
                0x00000000       0x5c ..\obj\misc.o
 .text.NVIC_Init
                0x00000000      0x11c ..\obj\misc.o
 .text.NVIC_SetVectorTable
                0x00000000       0x60 ..\obj\misc.o
 .text.NVIC_SystemLPConfig
                0x00000000       0x7c ..\obj\misc.o
 .text.SysTick_CLKSourceConfig
                0x00000000       0x54 ..\obj\misc.o
 .debug_info    0x00000000      0x58f ..\obj\misc.o
 .debug_abbrev  0x00000000      0x14e ..\obj\misc.o
 .debug_loc     0x00000000      0x118 ..\obj\misc.o
 .debug_aranges
                0x00000000       0x40 ..\obj\misc.o
 .debug_ranges  0x00000000       0x30 ..\obj\misc.o
 .debug_line    0x00000000      0x2bd ..\obj\misc.o
 .debug_str     0x00000000      0x32f ..\obj\misc.o
 .comment       0x00000000       0x31 ..\obj\misc.o
 .ARM.attributes
                0x00000000       0x33 ..\obj\misc.o
 .debug_frame   0x00000000       0xb0 ..\obj\misc.o
 .text          0x00000000        0x0 ..\obj\stm32f10x_spi.o
 .data          0x00000000        0x0 ..\obj\stm32f10x_spi.o
 .bss           0x00000000        0x0 ..\obj\stm32f10x_spi.o
 .text.SPI_I2S_DeInit
                0x00000000       0x80 ..\obj\stm32f10x_spi.o
 .text.I2S_Init
                0x00000000      0x194 ..\obj\stm32f10x_spi.o
 .text.SPI_StructInit
                0x00000000       0x5c ..\obj\stm32f10x_spi.o
 .text.I2S_StructInit
                0x00000000       0x44 ..\obj\stm32f10x_spi.o
 .text.I2S_Cmd  0x00000000       0x40 ..\obj\stm32f10x_spi.o
 .text.SPI_I2S_ITConfig
                0x00000000       0x6c ..\obj\stm32f10x_spi.o
 .text.SPI_I2S_DMACmd
                0x00000000       0x48 ..\obj\stm32f10x_spi.o
 .text.SPI_I2S_ReceiveData
                0x00000000       0x1c ..\obj\stm32f10x_spi.o
 .text.SPI_NSSInternalSoftwareConfig
                0x00000000       0x44 ..\obj\stm32f10x_spi.o
 .text.SPI_SSOutputCmd
                0x00000000       0x40 ..\obj\stm32f10x_spi.o
 .text.SPI_DataSizeConfig
                0x00000000       0x38 ..\obj\stm32f10x_spi.o
 .text.SPI_TransmitCRC
                0x00000000       0x24 ..\obj\stm32f10x_spi.o
 .text.SPI_CalculateCRC
                0x00000000       0x40 ..\obj\stm32f10x_spi.o
 .text.SPI_GetCRC
                0x00000000       0x34 ..\obj\stm32f10x_spi.o
 .text.SPI_GetCRCPolynomial
                0x00000000       0x1c ..\obj\stm32f10x_spi.o
 .text.SPI_BiDirectionalLineConfig
                0x00000000       0x40 ..\obj\stm32f10x_spi.o
 .text.SPI_I2S_ClearFlag
                0x00000000       0x24 ..\obj\stm32f10x_spi.o
 .text.SPI_I2S_GetITStatus
                0x00000000       0x88 ..\obj\stm32f10x_spi.o
 .text.SPI_I2S_ClearITPendingBit
                0x00000000       0x38 ..\obj\stm32f10x_spi.o
 .text          0x00000000        0x0 ..\obj\stm32f10x_i2c.o
 .data          0x00000000        0x0 ..\obj\stm32f10x_i2c.o
 .bss           0x00000000        0x0 ..\obj\stm32f10x_i2c.o
 .text.I2C_DeInit
                0x00000000       0x50 ..\obj\stm32f10x_i2c.o
 .text.I2C_Init
                0x00000000      0x1a4 ..\obj\stm32f10x_i2c.o
 .text.I2C_StructInit
                0x00000000       0x44 ..\obj\stm32f10x_i2c.o
 .text.I2C_Cmd  0x00000000       0x40 ..\obj\stm32f10x_i2c.o
 .text.I2C_DMACmd
                0x00000000       0x40 ..\obj\stm32f10x_i2c.o
 .text.I2C_DMALastTransferCmd
                0x00000000       0x40 ..\obj\stm32f10x_i2c.o
 .text.I2C_GenerateSTART
                0x00000000       0x40 ..\obj\stm32f10x_i2c.o
 .text.I2C_GenerateSTOP
                0x00000000       0x40 ..\obj\stm32f10x_i2c.o
 .text.I2C_AcknowledgeConfig
                0x00000000       0x40 ..\obj\stm32f10x_i2c.o
 .text.I2C_OwnAddress2Config
                0x00000000       0x44 ..\obj\stm32f10x_i2c.o
 .text.I2C_DualAddressCmd
                0x00000000       0x40 ..\obj\stm32f10x_i2c.o
 .text.I2C_GeneralCallCmd
                0x00000000       0x40 ..\obj\stm32f10x_i2c.o
 .text.I2C_ITConfig
                0x00000000       0x48 ..\obj\stm32f10x_i2c.o
 .text.I2C_SendData
                0x00000000       0x20 ..\obj\stm32f10x_i2c.o
 .text.I2C_ReceiveData
                0x00000000       0x1c ..\obj\stm32f10x_i2c.o
 .text.I2C_Send7bitAddress
                0x00000000       0x3c ..\obj\stm32f10x_i2c.o
 .text.I2C_ReadRegister
                0x00000000       0x30 ..\obj\stm32f10x_i2c.o
 .text.I2C_SoftwareResetCmd
                0x00000000       0x48 ..\obj\stm32f10x_i2c.o
 .text.I2C_NACKPositionConfig
                0x00000000       0x40 ..\obj\stm32f10x_i2c.o
 .text.I2C_SMBusAlertConfig
                0x00000000       0x40 ..\obj\stm32f10x_i2c.o
 .text.I2C_TransmitPEC
                0x00000000       0x40 ..\obj\stm32f10x_i2c.o
 .text.I2C_PECPositionConfig
                0x00000000       0x40 ..\obj\stm32f10x_i2c.o
 .text.I2C_CalculatePEC
                0x00000000       0x40 ..\obj\stm32f10x_i2c.o
 .text.I2C_GetPEC
                0x00000000       0x24 ..\obj\stm32f10x_i2c.o
 .text.I2C_ARPCmd
                0x00000000       0x40 ..\obj\stm32f10x_i2c.o
 .text.I2C_StretchClockCmd
                0x00000000       0x40 ..\obj\stm32f10x_i2c.o
 .text.I2C_FastModeDutyCycleConfig
                0x00000000       0x40 ..\obj\stm32f10x_i2c.o
 .text.I2C_CheckEvent
                0x00000000       0x70 ..\obj\stm32f10x_i2c.o
 .text.I2C_GetLastEvent
                0x00000000       0x4c ..\obj\stm32f10x_i2c.o
 .text.I2C_GetFlagStatus
                0x00000000       0x78 ..\obj\stm32f10x_i2c.o
 .text.I2C_ClearFlag
                0x00000000       0x30 ..\obj\stm32f10x_i2c.o
 .text.I2C_GetITStatus
                0x00000000       0x64 ..\obj\stm32f10x_i2c.o
 .text.I2C_ClearITPendingBit
                0x00000000       0x30 ..\obj\stm32f10x_i2c.o
 .debug_info    0x00000000      0xbae ..\obj\stm32f10x_i2c.o
 .debug_abbrev  0x00000000      0x166 ..\obj\stm32f10x_i2c.o
 .debug_loc     0x00000000      0x738 ..\obj\stm32f10x_i2c.o
 .debug_aranges
                0x00000000      0x120 ..\obj\stm32f10x_i2c.o
 .debug_ranges  0x00000000      0x110 ..\obj\stm32f10x_i2c.o
 .debug_line    0x00000000      0x488 ..\obj\stm32f10x_i2c.o
 .debug_str     0x00000000      0x5c5 ..\obj\stm32f10x_i2c.o
 .comment       0x00000000       0x31 ..\obj\stm32f10x_i2c.o
 .ARM.attributes
                0x00000000       0x33 ..\obj\stm32f10x_i2c.o
 .debug_frame   0x00000000      0x3b4 ..\obj\stm32f10x_i2c.o

Memory Configuration

Name             Origin             Length             Attributes
rom              0x08000000         0x00020000         xr
ram              0x20000000         0x00002000         xrw
*default*        0x00000000         0xffffffff

Linker script and memory map

                0x20002000                _eram = 0x20002000

.text           0x08000000      0xc10
 *(.isr_vector .isr_vector.*)
 .isr_vector    0x08000000      0x124 ..\obj\startup_stm32f10x_md_vl.o
                0x08000000                g_pfnVectors
 *(.text .text.* .gnu.linkonce.t.*)
 .text.Default_Reset_Handler
                0x08000124       0x68 ..\obj\startup_stm32f10x_md_vl.o
                0x08000124                Default_Reset_Handler
                0x08000124                Reset_Handler
 .text.Default_Handler
                0x0800018c        0x8 ..\obj\startup_stm32f10x_md_vl.o
                0x0800018c                EXTI2_IRQHandler
                0x0800018c                DebugMon_Handler
                0x0800018c                TIM1_CC_IRQHandler
                0x0800018c                HardFault_Handler
                0x0800018c                SysTick_Handler
                0x0800018c                PVD_IRQHandler
                0x0800018c                PendSV_Handler
                0x0800018c                NMI_Handler
                0x0800018c                EXTI3_IRQHandler
                0x0800018c                EXTI0_IRQHandler
                0x0800018c                I2C2_EV_IRQHandler
                0x0800018c                TIM1_UP_TIM16_IRQHandler
                0x0800018c                UsageFault_Handler
                0x0800018c                SPI1_IRQHandler
                0x0800018c                TAMPER_IRQHandler
                0x0800018c                TIM6_DAC_IRQHandler
                0x0800018c                DMA1_Channel4_IRQHandler
                0x0800018c                ADC1_IRQHandler
                0x0800018c                USART3_IRQHandler
                0x0800018c                RTC_IRQHandler
                0x0800018c                DMA1_Channel7_IRQHandler
                0x0800018c                TIM4_IRQHandler
                0x0800018c                I2C1_EV_IRQHandler
                0x0800018c                DMA1_Channel6_IRQHandler
                0x0800018c                TIM3_IRQHandler
                0x0800018c                RCC_IRQHandler
                0x0800018c                DMA1_Channel1_IRQHandler
                0x0800018c                CEC_IRQHandler
                0x0800018c                EXTI15_10_IRQHandler
                0x0800018c                TIM7_IRQHandler
                0x0800018c                EXTI9_5_IRQHandler
                0x0800018c                SPI2_IRQHandler
                0x0800018c                MemManage_Handler
                0x0800018c                SVC_Handler
                0x0800018c                DMA1_Channel5_IRQHandler
                0x0800018c                EXTI4_IRQHandler
                0x0800018c                TIM1_TRG_COM_TIM17_IRQHandler
                0x0800018c                DMA1_Channel3_IRQHandler
                0x0800018c                WWDG_IRQHandler
                0x0800018c                TIM2_IRQHandler
                0x0800018c                EXTI1_IRQHandler
                0x0800018c                RTCAlarm_IRQHandler
                0x0800018c                USART2_IRQHandler
                0x0800018c                I2C2_ER_IRQHandler
                0x0800018c                DMA1_Channel2_IRQHandler
                0x0800018c                FLASH_IRQHandler
                0x0800018c                BusFault_Handler
                0x0800018c                USART1_IRQHandler
                0x0800018c                I2C1_ER_IRQHandler
                0x0800018c                TIM1_BRK_TIM15_IRQHandler
 .text.SystemInit
                0x08000194       0x70 ..\obj\system_stm32f10x.o
                0x08000194                SystemInit
 .text.SetSysClock
                0x08000204        0xc ..\obj\system_stm32f10x.o
 .text.SetSysClockTo24
                0x08000210       0xdc ..\obj\system_stm32f10x.o
 .text.GPIO_Init
                0x080002ec      0x1b0 ..\obj\stm32f10x_gpio.o
                0x080002ec                GPIO_Init
 .text.GPIO_StructInit
                0x0800049c       0x2c ..\obj\stm32f10x_gpio.o
                0x0800049c                GPIO_StructInit
 .text.GPIO_SetBits
                0x080004c8       0x1c ..\obj\stm32f10x_gpio.o
                0x080004c8                GPIO_SetBits
 .text.GPIO_ResetBits
                0x080004e4       0x1c ..\obj\stm32f10x_gpio.o
                0x080004e4                GPIO_ResetBits
 .text.Delay    0x08000500       0x24 ..\obj\ST7735.o
                0x08000500                Delay
 .text.main     0x08000524       0x7c ..\obj\main.o
                0x08000524                main
 .text.RCC_Configuration
                0x080005a0       0x94 ..\obj\main.o
                0x080005a0                RCC_Configuration
 .text.ADE_SPIInit
                0x08000634       0xe8 ..\obj\ade7880.o
                0x08000634                ADE_SPIInit
 .text.ADE_SPISel
                0x0800071c       0x4c ..\obj\ade7880.o
                0x0800071c                ADE_SPISel
 .text.RCC_DeInit
                0x08000768       0x64 ..\obj\stm32f10x_rcc.o
                0x08000768                RCC_DeInit
 .text.RCC_HSEConfig
                0x080007cc       0x5c ..\obj\stm32f10x_rcc.o
                0x080007cc                RCC_HSEConfig
 .text.RCC_WaitForHSEStartUp
                0x08000828       0x64 ..\obj\stm32f10x_rcc.o
                0x08000828                RCC_WaitForHSEStartUp
 .text.RCC_PLLConfig
                0x0800088c       0x40 ..\obj\stm32f10x_rcc.o
                0x0800088c                RCC_PLLConfig
 .text.RCC_PLLCmd
                0x080008cc       0x20 ..\obj\stm32f10x_rcc.o
                0x080008cc                RCC_PLLCmd
 .text.RCC_SYSCLKConfig
                0x080008ec       0x38 ..\obj\stm32f10x_rcc.o
                0x080008ec                RCC_SYSCLKConfig
 .text.RCC_GetSYSCLKSource
                0x08000924       0x1c ..\obj\stm32f10x_rcc.o
                0x08000924                RCC_GetSYSCLKSource
 .text.RCC_HCLKConfig
                0x08000940       0x38 ..\obj\stm32f10x_rcc.o
                0x08000940                RCC_HCLKConfig
 .text.RCC_PCLK1Config
                0x08000978       0x38 ..\obj\stm32f10x_rcc.o
                0x08000978                RCC_PCLK1Config
 .text.RCC_PCLK2Config
                0x080009b0       0x3c ..\obj\stm32f10x_rcc.o
                0x080009b0                RCC_PCLK2Config
 .text.RCC_APB2PeriphClockCmd
                0x080009ec       0x40 ..\obj\stm32f10x_rcc.o
                0x080009ec                RCC_APB2PeriphClockCmd
 .text.RCC_APB1PeriphClockCmd
                0x08000a2c       0x40 ..\obj\stm32f10x_rcc.o
                0x08000a2c                RCC_APB1PeriphClockCmd
 .text.RCC_GetFlagStatus
                0x08000a6c       0x80 ..\obj\stm32f10x_rcc.o
                0x08000a6c                RCC_GetFlagStatus
 .text.SPI_Init
                0x08000aec       0x88 ..\obj\stm32f10x_spi.o
                0x08000aec                SPI_Init
 .text.SPI_Cmd  0x08000b74       0x40 ..\obj\stm32f10x_spi.o
                0x08000b74                SPI_Cmd
 .text.SPI_I2S_SendData
                0x08000bb4       0x1c ..\obj\stm32f10x_spi.o
                0x08000bb4                SPI_I2S_SendData
 .text.SPI_I2S_GetFlagStatus
                0x08000bd0       0x40 ..\obj\stm32f10x_spi.o
                0x08000bd0                SPI_I2S_GetFlagStatus
 *(.glue_7t)
 .glue_7t       0x00000000        0x0 linker stubs
 *(.glue_7)
 .glue_7        0x00000000        0x0 linker stubs
 *(.rodata .rodata* .gnu.linkonce.r.*)

.vfp11_veneer   0x08000c10        0x0
 .vfp11_veneer  0x00000000        0x0 linker stubs

.v4_bx          0x08000c10        0x0
 .v4_bx         0x00000000        0x0 linker stubs

.iplt           0x08000c10        0x0
 .iplt          0x00000000        0x0 ..\obj\spi.o

.rel.dyn        0x08000c10        0x0
 .rel.iplt      0x00000000        0x0 ..\obj\spi.o

.ARM.extab
 *(.ARM.extab* .gnu.linkonce.armextab.*)

.ARM.exidx
 *(.ARM.exidx* .gnu.linkonce.armexidx.*)
                0x08000c10                . = ALIGN (0x4)
                0x08000c10                _etext = .
                0x08000c10                _sidata = .

.data           0x20000000        0x0 load address 0x08000c10
                0x20000000                _sdata = .
 *(.data .data.*)
                0x20000000                . = ALIGN (0x4)
                0x20000000                _edata = .

.igot.plt       0x20000000        0x0
 .igot.plt      0x00000000        0x0 ..\obj\spi.o

.bss            0x20000000        0x4
                0x20000000                _sbss = .
 *(.bss .bss.*)
 *(COMMON)
 COMMON         0x20000000        0x1 ..\obj\main.o
                0x20000000                HSEStartUpStatus
                0x20000004                . = ALIGN (0x4)
 *fill*         0x20000001        0x3 
                0x20000004                _ebss = .

.co_stack       0x20000004      0x404
                0x20000008                . = ALIGN (0x8)
 *fill*         0x20000004        0x4 
 *(.co_stack .co_stack.*)
 .co_stack      0x20000008      0x400 ..\obj\startup_stm32f10x_md_vl.o
                0x20000008                pulStack
                0x20000408                . = ALIGN (0x4)
                0x20000408                _end = .
LOAD ..\obj\spi.o
LOAD ..\obj\stm32f10x_tim.o
LOAD ..\obj\startup_stm32f10x_md_vl.o
LOAD ..\obj\core_cm3.o
LOAD ..\obj\system_stm32f10x.o
LOAD ..\obj\uart.o
LOAD ..\obj\stm32f10x_gpio.o
LOAD ..\obj\ST7735.o
LOAD ..\obj\main.o
LOAD ..\obj\ade7880.o
LOAD ..\obj\printf.o
LOAD ..\obj\stm32f10x_rcc.o
LOAD ..\obj\stm32f10x_exti.o
LOAD ..\obj\xprintf.o
LOAD ..\obj\stm32f10x_usart.o
LOAD ..\obj\syscalls.o
LOAD ..\obj\glcdfont.o
LOAD ..\obj\misc.o
LOAD ..\obj\stm32f10x_spi.o
LOAD ..\obj\stm32f10x_i2c.o
START GROUP
LOAD c:/program files (x86)/codesourcery/sourcery_codebench_lite_for_arm_eabi/bin/../lib/gcc/arm-none-eabi/4.7.2/thumb2\libgcc.a
LOAD c:/program files (x86)/codesourcery/sourcery_codebench_lite_for_arm_eabi/bin/../lib/gcc/arm-none-eabi/4.7.2/../../../../arm-none-eabi/lib/thumb2\libc.a
END GROUP
OUTPUT(bp1.elf elf32-littlearm)

.debug_info     0x00000000     0x2bd6
 .debug_info    0x00000000       0xff ..\obj\startup_stm32f10x_md_vl.o
 .debug_info    0x000000ff      0x40c ..\obj\system_stm32f10x.o
 .debug_info    0x0000050b      0x72e ..\obj\stm32f10x_gpio.o
 .debug_info    0x00000c39      0x59b ..\obj\ST7735.o
 .debug_info    0x000011d4      0x277 ..\obj\main.o
 .debug_info    0x0000144b      0x47a ..\obj\ade7880.o
 .debug_info    0x000018c5      0x990 ..\obj\stm32f10x_rcc.o
 .debug_info    0x00002255      0x981 ..\obj\stm32f10x_spi.o

.debug_abbrev   0x00000000      0xb35
 .debug_abbrev  0x00000000       0xa9 ..\obj\startup_stm32f10x_md_vl.o
 .debug_abbrev  0x000000a9      0x179 ..\obj\system_stm32f10x.o
 .debug_abbrev  0x00000222      0x1ca ..\obj\stm32f10x_gpio.o
 .debug_abbrev  0x000003ec      0x1a8 ..\obj\ST7735.o
 .debug_abbrev  0x00000594      0x123 ..\obj\main.o
 .debug_abbrev  0x000006b7      0x142 ..\obj\ade7880.o
 .debug_abbrev  0x000007f9      0x1bc ..\obj\stm32f10x_rcc.o
 .debug_abbrev  0x000009b5      0x180 ..\obj\stm32f10x_spi.o

.debug_loc      0x00000000     0x13f8
 .debug_loc     0x00000000       0x64 ..\obj\startup_stm32f10x_md_vl.o
 .debug_loc     0x00000064       0xc8 ..\obj\system_stm32f10x.o
 .debug_loc     0x0000012c      0x3e4 ..\obj\stm32f10x_gpio.o
 .debug_loc     0x00000510      0x1c0 ..\obj\ST7735.o
 .debug_loc     0x000006d0       0x64 ..\obj\main.o
 .debug_loc     0x00000734       0xa8 ..\obj\ade7880.o
 .debug_loc     0x000007dc      0x714 ..\obj\stm32f10x_rcc.o
 .debug_loc     0x00000ef0      0x508 ..\obj\stm32f10x_spi.o

.debug_aranges  0x00000000      0x3a8
 .debug_aranges
                0x00000000       0x28 ..\obj\startup_stm32f10x_md_vl.o
 .debug_aranges
                0x00000028       0x38 ..\obj\system_stm32f10x.o
 .debug_aranges
                0x00000060       0xa8 ..\obj\stm32f10x_gpio.o
 .debug_aranges
                0x00000108       0x58 ..\obj\ST7735.o
 .debug_aranges
                0x00000160       0x28 ..\obj\main.o
 .debug_aranges
                0x00000188       0x30 ..\obj\ade7880.o
 .debug_aranges
                0x000001b8      0x120 ..\obj\stm32f10x_rcc.o
 .debug_aranges
                0x000002d8       0xd0 ..\obj\stm32f10x_spi.o

.debug_ranges   0x00000000      0x328
 .debug_ranges  0x00000000       0x18 ..\obj\startup_stm32f10x_md_vl.o
 .debug_ranges  0x00000018       0x28 ..\obj\system_stm32f10x.o
 .debug_ranges  0x00000040       0x98 ..\obj\stm32f10x_gpio.o
 .debug_ranges  0x000000d8       0x48 ..\obj\ST7735.o
 .debug_ranges  0x00000120       0x18 ..\obj\main.o
 .debug_ranges  0x00000138       0x20 ..\obj\ade7880.o
 .debug_ranges  0x00000158      0x110 ..\obj\stm32f10x_rcc.o
 .debug_ranges  0x00000268       0xc0 ..\obj\stm32f10x_spi.o

.debug_line     0x00000000     0x1467
 .debug_line    0x00000000       0x9e ..\obj\startup_stm32f10x_md_vl.o
 .debug_line    0x0000009e      0x1d7 ..\obj\system_stm32f10x.o
 .debug_line    0x00000275      0x35f ..\obj\stm32f10x_gpio.o
 .debug_line    0x000005d4      0x259 ..\obj\ST7735.o
 .debug_line    0x0000082d      0x1e8 ..\obj\main.o
 .debug_line    0x00000a15      0x202 ..\obj\ade7880.o
 .debug_line    0x00000c17      0x47d ..\obj\stm32f10x_rcc.o
 .debug_line    0x00001094      0x3d3 ..\obj\stm32f10x_spi.o

.debug_str      0x00000000      0xff8
 .debug_str     0x00000000       0xc1 ..\obj\startup_stm32f10x_md_vl.o
                                 0xd3 (size before relaxing)
 .debug_str     0x000000c1      0x1d1 ..\obj\system_stm32f10x.o
                                0x233 (size before relaxing)
 .debug_str     0x00000292      0x3ae ..\obj\stm32f10x_gpio.o
                                0x478 (size before relaxing)
 .debug_str     0x00000640      0x19c ..\obj\ST7735.o
                                0x38d (size before relaxing)
 .debug_str     0x000007dc       0x67 ..\obj\main.o
                                0x26c (size before relaxing)
 .debug_str     0x00000843       0xee ..\obj\ade7880.o
                                0x380 (size before relaxing)
 .debug_str     0x00000931      0x3fc ..\obj\stm32f10x_rcc.o
                                0x5cc (size before relaxing)
 .debug_str     0x00000d2d      0x2cb ..\obj\stm32f10x_spi.o
                                0x55c (size before relaxing)

.comment        0x00000000       0x30
 .comment       0x00000000       0x30 ..\obj\startup_stm32f10x_md_vl.o
                                 0x31 (size before relaxing)
 .comment       0x00000000       0x31 ..\obj\system_stm32f10x.o
 .comment       0x00000000       0x31 ..\obj\stm32f10x_gpio.o
 .comment       0x00000000       0x31 ..\obj\ST7735.o
 .comment       0x00000000       0x31 ..\obj\main.o
 .comment       0x00000000       0x31 ..\obj\ade7880.o
 .comment       0x00000000       0x31 ..\obj\stm32f10x_rcc.o
 .comment       0x00000000       0x31 ..\obj\stm32f10x_spi.o

.ARM.attributes
                0x00000000       0x33
 .ARM.attributes
                0x00000000       0x33 ..\obj\startup_stm32f10x_md_vl.o
 .ARM.attributes
                0x00000033       0x33 ..\obj\system_stm32f10x.o
 .ARM.attributes
                0x00000066       0x33 ..\obj\stm32f10x_gpio.o
 .ARM.attributes
                0x00000099       0x33 ..\obj\ST7735.o
 .ARM.attributes
                0x000000cc       0x33 ..\obj\main.o
 .ARM.attributes
                0x000000ff       0x33 ..\obj\ade7880.o
 .ARM.attributes
                0x00000132       0x33 ..\obj\stm32f10x_rcc.o
 .ARM.attributes
                0x00000165       0x33 ..\obj\stm32f10x_spi.o

.debug_frame    0x00000000      0xadc
 .debug_frame   0x00000000       0x48 ..\obj\startup_stm32f10x_md_vl.o
 .debug_frame   0x00000048       0x80 ..\obj\system_stm32f10x.o
 .debug_frame   0x000000c8      0x210 ..\obj\stm32f10x_gpio.o
 .debug_frame   0x000002d8      0x10c ..\obj\ST7735.o
 .debug_frame   0x000003e4       0x4c ..\obj\main.o
 .debug_frame   0x00000430       0x6c ..\obj\ade7880.o
 .debug_frame   0x0000049c      0x3a4 ..\obj\stm32f10x_rcc.o
 .debug_frame   0x00000840      0x29c ..\obj\stm32f10x_spi.o
